
> react-kavia@0.1.0 start
> cross-env EDIT_MODE=true webpack serve --config .ve/webpack.config.js --mode development

<i> [webpack-dev-server] Project is running at:
<i> [webpack-dev-server] Loopback: http://localhost:3000/, http://[::1]:3000/
<i> [webpack-dev-server] On Your Network (IPv4): http://172.17.0.2:3000/
<i> [webpack-dev-server] Content not from webpack is served from './public' directory
Injecting EditorRootWrapper import: ../.ve/EditorRootWrapper
asset bundle.js 1.4 MiB [emitted] (name: main)
asset index.html 1.92 KiB [emitted]
runtime modules 27.5 KiB 14 modules
modules by path ./node_modules/ 1.24 MiB 31 modules
modules by path ./src/ 15.6 KiB
  modules by path ./src/*.js 7.99 KiB 5 modules
  modules by path ./src/*.css 7.65 KiB
    ./src/index.css 2.23 KiB [built] [code generated]
    + 3 modules
modules by path ./.ve/ 15.1 KiB
  modules by path ./.ve/*.js 10.6 KiB 2 modules
  modules by path ./.ve/*.css 2.93 KiB
    ./.ve/EditorOverlay.css 2.25 KiB [built] [code generated]
    ./node_modules/css-loader/dist/cjs.js!./.ve/EditorOverlay.css 697 bytes [built] [code generated]
  ./.ve/EditorOverlay.jsx 1.58 KiB [built] [code generated]
webpack 5.99.9 compiled successfully in 1544 ms
assets by status 1.92 KiB [cached] 1 asset
assets by path *.js 1.41 MiB
  asset bundle.js 1.4 MiB [emitted] (name: main)
  asset main.7ee830cd01040ae8e6c1.hot-update.js 5.09 KiB [emitted] [immutable] [hmr] (name: main)
asset main.7ee830cd01040ae8e6c1.hot-update.json 28 bytes [emitted] [immutable] [hmr]
Entrypoint main 1.41 MiB = bundle.js 1.4 MiB main.7ee830cd01040ae8e6c1.hot-update.js 5.09 KiB
cached modules 1.27 MiB [cached] 44 modules
runtime modules 27.5 KiB 14 modules
./node_modules/css-loader/dist/cjs.js!./src/App.css 2.61 KiB [built] [code generated]
webpack 5.99.9 compiled successfully in 73 ms
assets by status 1.92 KiB [cached] 1 asset
assets by path *.js 1.41 MiB
  asset bundle.js 1.4 MiB [emitted] (name: main)
  asset main.db8cdd8f487f52226d13.hot-update.js 9.42 KiB [emitted] [immutable] [hmr] (name: main)
asset main.db8cdd8f487f52226d13.hot-update.json 28 bytes [emitted] [immutable] [hmr]
Entrypoint main 1.41 MiB = bundle.js 1.4 MiB main.db8cdd8f487f52226d13.hot-update.js 9.42 KiB
cached modules 1.27 MiB [cached] 44 modules
runtime modules 27.5 KiB 14 modules
./src/App.js 5.88 KiB [built] [code generated]
webpack 5.99.9 compiled successfully in 99 ms
assets by status 1.92 KiB [cached] 1 asset
assets by path *.js 1.41 MiB
  asset bundle.js 1.4 MiB [emitted] (name: main)
  asset main.599de068a3cce8aaa1bc.hot-update.js 5.06 KiB [emitted] [immutable] [hmr] (name: main)
asset main.599de068a3cce8aaa1bc.hot-update.json 28 bytes [emitted] [immutable] [hmr]
Entrypoint main 1.41 MiB = bundle.js 1.4 MiB main.599de068a3cce8aaa1bc.hot-update.js 5.06 KiB
cached modules 1.27 MiB [cached] 44 modules
runtime modules 27.5 KiB 14 modules
./node_modules/css-loader/dist/cjs.js!./src/App.css 2.58 KiB [built] [code generated]
webpack 5.99.9 compiled successfully in 51 ms
assets by status 1.92 KiB [cached] 1 asset
assets by path *.js 1.41 MiB
  asset bundle.js 1.4 MiB [emitted] (name: main)
  asset main.5ac53699dd3c7f9c51d1.hot-update.js 5.06 KiB [emitted] [immutable] [hmr] (name: main)
asset main.5ac53699dd3c7f9c51d1.hot-update.json 28 bytes [emitted] [immutable] [hmr]
Entrypoint main 1.41 MiB = bundle.js 1.4 MiB main.5ac53699dd3c7f9c51d1.hot-update.js 5.06 KiB
cached modules 1.27 MiB [cached] 44 modules
runtime modules 27.5 KiB 14 modules
./node_modules/css-loader/dist/cjs.js!./src/App.css 2.57 KiB [built] [code generated]
webpack 5.99.9 compiled successfully in 48 ms
